C:/Users/Bowl/STM32CubeIDE/workspace_1.16.0/GFXGyro/Core/Src/ds18b20.c:8:6:DS18B20_WritePin	0	static
C:/Users/Bowl/STM32CubeIDE/workspace_1.16.0/GFXGyro/Core/Src/ds18b20.c:13:15:DS18B20_ReadPin	0	static
C:/Users/Bowl/STM32CubeIDE/workspace_1.16.0/GFXGyro/Core/Src/ds18b20.c:20:6:Delay_us	0	static
C:/Users/Bowl/STM32CubeIDE/workspace_1.16.0/GFXGyro/Core/Src/ds18b20.c:26:9:OneWire_Reset	8	static
C:/Users/Bowl/STM32CubeIDE/workspace_1.16.0/GFXGyro/Core/Src/ds18b20.c:41:6:OneWire_WriteBit	8	static
C:/Users/Bowl/STM32CubeIDE/workspace_1.16.0/GFXGyro/Core/Src/ds18b20.c:55:9:OneWire_ReadBit	8	static
C:/Users/Bowl/STM32CubeIDE/workspace_1.16.0/GFXGyro/Core/Src/ds18b20.c:69:6:OneWire_WriteByte	16	static
C:/Users/Bowl/STM32CubeIDE/workspace_1.16.0/GFXGyro/Core/Src/ds18b20.c:77:9:OneWire_ReadByte	16	static
