C:/Users/Bowl/STM32CubeIDE/workspace_1.16.0/GFXGyro/Core/Src/main.c:1825:6:SensorDataTask	8
C:/Users/Bowl/STM32CubeIDE/workspace_1.16.0/GFXGyro/Core/Src/main.c:1908:6:MountSDCardTask	3
C:/Users/Bowl/STM32CubeIDE/workspace_1.16.0/GFXGyro/Core/Src/main.c:1986:6:StartDefaultTask	1
C:/Users/Bowl/STM32CubeIDE/workspace_1.16.0/GFXGyro/Core/Src/main.c:1694:16:QSPI_WriteEnable.constprop	2
C:/Users/Bowl/STM32CubeIDE/workspace_1.16.0/GFXGyro/Core/Src/main.c:359:6:SystemClock_Config	1
C:/Users/Bowl/STM32CubeIDE/workspace_1.16.0/GFXGyro/Core/Src/main.c:651:6:MX_I2C4_Init	1
C:/Users/Bowl/STM32CubeIDE/workspace_1.16.0/GFXGyro/Core/Src/main.c:1804:6:GetTimestampFileString	1
C:/Users/Bowl/STM32CubeIDE/workspace_1.16.0/GFXGyro/Core/Src/main.c:235:5:main	30
C:/Users/Bowl/STM32CubeIDE/workspace_1.16.0/GFXGyro/Core/Src/main.c:1817:6:HAL_GPIO_EXTI_Callback	2
C:/Users/Bowl/STM32CubeIDE/workspace_1.16.0/GFXGyro/Core/Src/main.c:1945:6:StartTempTask	2
C:/Users/Bowl/STM32CubeIDE/workspace_1.16.0/GFXGyro/Core/Src/main.c:2075:6:HAL_TIM_PeriodElapsedCallback	2
C:/Users/Bowl/STM32CubeIDE/workspace_1.16.0/GFXGyro/Core/Src/main.c:2092:6:Error_Handler	1
