C:/Users/Bowl/STM32CubeIDE/workspace_1.16.0/GFXGyro/Core/Src/stm32f7xx_hal_msp.c:68:6:HAL_MspInit	8	static
C:/Users/Bowl/STM32CubeIDE/workspace_1.16.0/GFXGyro/Core/Src/stm32f7xx_hal_msp.c:93:6:HAL_CRC_MspInit	8	static
C:/Users/Bowl/STM32CubeIDE/workspace_1.16.0/GFXGyro/Core/Src/stm32f7xx_hal_msp.c:116:6:HAL_CRC_MspDeInit	0	static
C:/Users/Bowl/STM32CubeIDE/workspace_1.16.0/GFXGyro/Core/Src/stm32f7xx_hal_msp.c:138:6:HAL_DMA2D_MspInit	16	static
C:/Users/Bowl/STM32CubeIDE/workspace_1.16.0/GFXGyro/Core/Src/stm32f7xx_hal_msp.c:164:6:HAL_DMA2D_MspDeInit	0	static
C:/Users/Bowl/STM32CubeIDE/workspace_1.16.0/GFXGyro/Core/Src/stm32f7xx_hal_msp.c:189:6:HAL_DSI_MspInit	40	static
C:/Users/Bowl/STM32CubeIDE/workspace_1.16.0/GFXGyro/Core/Src/stm32f7xx_hal_msp.c:228:6:HAL_DSI_MspDeInit	8	static
C:/Users/Bowl/STM32CubeIDE/workspace_1.16.0/GFXGyro/Core/Src/stm32f7xx_hal_msp.c:258:6:HAL_I2C_MspInit	208	static
C:/Users/Bowl/STM32CubeIDE/workspace_1.16.0/GFXGyro/Core/Src/stm32f7xx_hal_msp.c:348:6:HAL_I2C_MspDeInit	8	static
C:/Users/Bowl/STM32CubeIDE/workspace_1.16.0/GFXGyro/Core/Src/stm32f7xx_hal_msp.c:401:6:HAL_LTDC_MspInit	160	static
C:/Users/Bowl/STM32CubeIDE/workspace_1.16.0/GFXGyro/Core/Src/stm32f7xx_hal_msp.c:443:6:HAL_LTDC_MspDeInit	0	static
C:/Users/Bowl/STM32CubeIDE/workspace_1.16.0/GFXGyro/Core/Src/stm32f7xx_hal_msp.c:468:6:HAL_QSPI_MspInit	64	static
C:/Users/Bowl/STM32CubeIDE/workspace_1.16.0/GFXGyro/Core/Src/stm32f7xx_hal_msp.c:542:6:HAL_QSPI_MspDeInit	8	static
C:/Users/Bowl/STM32CubeIDE/workspace_1.16.0/GFXGyro/Core/Src/stm32f7xx_hal_msp.c:583:6:HAL_RTC_MspInit	152	static
C:/Users/Bowl/STM32CubeIDE/workspace_1.16.0/GFXGyro/Core/Src/stm32f7xx_hal_msp.c:617:6:HAL_RTC_MspDeInit	0	static
C:/Users/Bowl/STM32CubeIDE/workspace_1.16.0/GFXGyro/Core/Src/stm32f7xx_hal_msp.c:639:6:HAL_SD_MspInit	200	static
C:/Users/Bowl/STM32CubeIDE/workspace_1.16.0/GFXGyro/Core/Src/stm32f7xx_hal_msp.c:743:6:HAL_SD_MspDeInit	8	static
C:/Users/Bowl/STM32CubeIDE/workspace_1.16.0/GFXGyro/Core/Src/stm32f7xx_hal_msp.c:781:6:HAL_TIM_Base_MspInit	16	static
C:/Users/Bowl/STM32CubeIDE/workspace_1.16.0/GFXGyro/Core/Src/stm32f7xx_hal_msp.c:820:6:HAL_TIM_Base_MspDeInit	0	static
C:/Users/Bowl/STM32CubeIDE/workspace_1.16.0/GFXGyro/Core/Src/stm32f7xx_hal_msp.c:983:6:HAL_SDRAM_MspInit	48	static
C:/Users/Bowl/STM32CubeIDE/workspace_1.16.0/GFXGyro/Core/Src/stm32f7xx_hal_msp.c:1091:6:HAL_SDRAM_MspDeInit	8	static
C:/Users/Bowl/STM32CubeIDE/workspace_1.16.0/GFXGyro/Core/Src/stm32f7xx_hal_msp.c:1111:6:BSP_QSPI_MspInit	0	static
C:/Users/Bowl/STM32CubeIDE/workspace_1.16.0/GFXGyro/Core/Src/stm32f7xx_hal_msp.c:1125:6:BSP_QSPI_MspDeInit	0	static
C:/Users/Bowl/STM32CubeIDE/workspace_1.16.0/GFXGyro/Core/Src/stm32f7xx_hal_msp.c:1138:6:BSP_SDRAM_MspInit	0	static
C:/Users/Bowl/STM32CubeIDE/workspace_1.16.0/GFXGyro/Core/Src/stm32f7xx_hal_msp.c:1151:6:BSP_SDRAM_MspDeInit	0	static
